[blocksdapps.firebaseapp.com/index.html]
[backblue.gif]
[fade.gif]
[index.html]
[blocksdapps.firebaseapp.com/assets/css/style.css]
[blocksdapps.firebaseapp.com/assets/icon/Favicon.html]
[blocksdapps.firebaseapp.com/assets/images/backgroup-secsion/bg-gradient1.html]
[blocksdapps.firebaseapp.com/assets/images/backgroup-secsion/bg-gradient2.html]
[blocksdapps.firebaseapp.com/assets/images/backgroup-secsion/bg-gradient3.html]
[blocksdapps.firebaseapp.com/wallets.html]
[blocksdapps.firebaseapp.com/connect-wallet.html]
[blocksdapps.firebaseapp.com/assets/images/backgroup-secsion/validated.html]
[blocksdapps.firebaseapp.com/assets/images/icon/shield.html]
[blocksdapps.firebaseapp.com/assets/js/jquery.min.js]
[blocksdapps.firebaseapp.com/assets/js/jquery.easing.js]
[blocksdapps.firebaseapp.com/assets/js/bootstrap.min.js]
[blocksdapps.firebaseapp.com/assets/js/wow.min.js]
[blocksdapps.firebaseapp.com/assets/js/plugin.js]
[blocksdapps.firebaseapp.com/assets/js/shortcodes.js]
[blocksdapps.firebaseapp.com/assets/js/main.js]
[blocksdapps.firebaseapp.com/assets/js/count-down.js]
[blocksdapps.firebaseapp.com/assets/js/swiper-bundle.min.js]
[blocksdapps.firebaseapp.com/assets/js/swiper.js]
[blocksdapps.firebaseapp.com/assets/js/parallax.js]
[blocksdapps.firebaseapp.com/assets/js/web3.min.js]
[blocksdapps.firebaseapp.com/assets/js/moralis.js]
[blocksdapps.firebaseapp.com/assets/js/nft.js]
[blocksdapps.firebaseapp.com/index.html]
[blocksdapps.firebaseapp.com/assets/css/ntfs.css]
[blocksdapps.firebaseapp.com/assets/css/shortcodes.css]
[blocksdapps.firebaseapp.com/assets/css/responsive.css]
[blocksdapps.firebaseapp.com/assets/css/animate.css]
[blocksdapps.firebaseapp.com/assets/css/jquery.fancybox.min.css]
[blocksdapps.firebaseapp.com/assets/css/font-awesome.css]
[blocksdapps.firebaseapp.com/assets/css/swiper-bundle.min.css]
[blocksdapps.firebaseapp.com/assets/css/style.css]
[blocksdapps.firebaseapp.com/assets/icon/Favicon.html]
[blocksdapps.firebaseapp.com/assets/images/backgroup-secsion/bg-gradient1.html]
[blocksdapps.firebaseapp.com/assets/images/backgroup-secsion/bg-gradient2.html]
[blocksdapps.firebaseapp.com/assets/images/backgroup-secsion/bg-gradient3.html]
[blocksdapps.firebaseapp.com/assets/css/bootstrap.css]
[blocksdapps.firebaseapp.com/assets/images/icon/sun.html]
[blocksdapps.firebaseapp.com/assets/images/icon/moon-2.html]
[blocksdapps.firebaseapp.com/assets/images/logo/safepal.png]
[blocksdapps.firebaseapp.com/phantom.jpg]
[blocksdapps.firebaseapp.com/hashpack.jpg]
[blocksdapps.firebaseapp.com/solflare.jpg]
[blocksdapps.firebaseapp.com/ledger.jpg]
[blocksdapps.firebaseapp.com/kelpr.jpg]
[blocksdapps.firebaseapp.com/CRO.jpg]
[blocksdapps.firebaseapp.com/exodus.jpg]
[blocksdapps.firebaseapp.com/terrastation.png]
[blocksdapps.firebaseapp.com/assets/images/logo/walle.jpg]
[blocksdapps.firebaseapp.com/assets/images/logo/trust_wallet.jpg]
[blocksdapps.firebaseapp.com/assets/images/logo/metamask.jpg]
[blocksdapps.firebaseapp.com/assets/images/logo/Flint.jpg]
[blocksdapps.firebaseapp.com/assets/images/logo/binance.png]
[blocksdapps.firebaseapp.com/assets/images/logo/polygon.jpg]
[blocksdapps.firebaseapp.com/assets/images/logo/rainbow.jpg]
[blocksdapps.firebaseapp.com/assets/images/logo/bitpay.jpg]
[blocksdapps.firebaseapp.com/assets/images/logo/walleth.jpg]
[blocksdapps.firebaseapp.com/assets/images/logo/argent.jpg]
[blocksdapps.firebaseapp.com/assets/images/logo/huobi.jpg]
[blocksdapps.firebaseapp.com/assets/images/logo/encrypted_ink.jpg]
[blocksdapps.firebaseapp.com/assets/images/logo/compound.jpg]
[blocksdapps.firebaseapp.com/assets/images/logo/polkadot.jpg]
[blocksdapps.firebaseapp.com/assets/images/logo/iotex.jpg]
[blocksdapps.firebaseapp.com/assets/images/logo/coin98.jpg]
[blocksdapps.firebaseapp.com/assets/images/logo/coinbase.png]
[blocksdapps.firebaseapp.com/assets/images/logo/crypto.jpg]
[blocksdapps.firebaseapp.com/assets/images/logo/token_pocket.jpg]
[blocksdapps.firebaseapp.com/assets/images/logo/math_wallet.jpg]
[blocksdapps.firebaseapp.com/assets/images/logo/ledger_live.jpg]
[blocksdapps.firebaseapp.com/assets/images/logo/1inch.jpg]
[blocksdapps.firebaseapp.com/assets/images/logo/dharma.jpg]
[blocksdapps.firebaseapp.com/assets/images/logo/trust_vault.jpg]
[blocksdapps.firebaseapp.com/assets/images/logo/mykey.jpg]
[blocksdapps.firebaseapp.com/assets/images/logo/atomic.jpg]
[blocksdapps.firebaseapp.com/assets/images/logo/cool_wallet_s.jpg]
[blocksdapps.firebaseapp.com/assets/images/logo/nash.jpg]
[blocksdapps.firebaseapp.com/assets/images/logo/coinomi.jpg]
[blocksdapps.firebaseapp.com/assets/images/logo/gridplus.jpg]
[blocksdapps.firebaseapp.com/assets/images/logo/tokenary.jpg]
[blocksdapps.firebaseapp.com/assets/images/logo/safepal.jpg]
[blocksdapps.firebaseapp.com/assets/images/logo/infinito.jpg]
[blocksdapps.firebaseapp.com/assets/images/logo/wallet_io.jpg]
[blocksdapps.firebaseapp.com/assets/images/logo/ownbit.jpg]
[blocksdapps.firebaseapp.com/assets/images/logo/easypocket.jpg]
[blocksdapps.firebaseapp.com/assets/images/logo/bridge_wallet.jpg]
[blocksdapps.firebaseapp.com/assets/images/logo/via_wallet.jpg]
[blocksdapps.firebaseapp.com/assets/images/logo/bitkeep.jpg]
[blocksdapps.firebaseapp.com/assets/images/logo/unstoppable_wallet.jpg]
[blocksdapps.firebaseapp.com/assets/images/logo/halodefi_wallet.jpg]
[blocksdapps.firebaseapp.com/assets/images/logo/dok_wallet.jpg]
[blocksdapps.firebaseapp.com/assets/images/logo/celo_wallet.jpg]
[blocksdapps.firebaseapp.com/assets/images/logo/coinus.jpg]
[blocksdapps.firebaseapp.com/assets/images/logo/valora.jpg]
[blocksdapps.firebaseapp.com/assets/images/logo/trustee_wallet.jpg]
[blocksdapps.firebaseapp.com/assets/images/logo/guarda_wallet.jpg]
[blocksdapps.firebaseapp.com/assets/images/logo/maiarwallet.png]
[blocksdapps.firebaseapp.com/assets/images/logo/jade_wallet.jpg]
[blocksdapps.firebaseapp.com/assets/images/logo/plasmapay.jpg]
[blocksdapps.firebaseapp.com/assets/images/logo/o3_wallet.jpg]
[blocksdapps.firebaseapp.com/assets/images/logo/hashkey_me.jpg]
[blocksdapps.firebaseapp.com/assets/images/logo/rwallet.jpg]
[blocksdapps.firebaseapp.com/assets/images/logo/flare_wallet.jpg]
[blocksdapps.firebaseapp.com/assets/images/logo/kyberswap.jpg]
[blocksdapps.firebaseapp.com/assets/images/logo/atoken_wallet.jpg]
[blocksdapps.firebaseapp.com/assets/images/logo/tongue_wallet.jpg]
[blocksdapps.firebaseapp.com/assets/images/logo/xinfin.jpg]
[blocksdapps.firebaseapp.com/assets/images/logo/talken_wallet.jpg]
[blocksdapps.firebaseapp.com/assets/images/logo/keyring_pro.jpg]
[blocksdapps.firebaseapp.com/assets/images/logo/midas_wallet.jpg]
[blocksdapps.firebaseapp.com/assets/images/logo/at_wallet.jpg]
[blocksdapps.firebaseapp.com/assets/images/logo/imtoken.jpg]
[blocksdapps.firebaseapp.com/assets/images/icon/shield.png]
[blocksdapps.firebaseapp.com/index-2.html]
[blocksdapps.firebaseapp.com/wallets.html]
[blocksdapps.firebaseapp.com/connect-wallet.html]
[blocksdapps.firebaseapp.com/assets/images/backgroup-secsion/validated.html]
[blocksdapps.firebaseapp.com/assets/images/icon/shield.html]
[blocksdapps.firebaseapp.com/assets/font/nfts.html]
[blocksdapps.firebaseapp.com/assets/font/nfts.ttf]
[blocksdapps.firebaseapp.com/assets/font/nfts-2.html]
[blocksdapps.firebaseapp.com/assets/font/nfts-3.html]
[blocksdapps.firebaseapp.com/assets/css/ntfs.css]
[blocksdapps.firebaseapp.com/assets/icon/preload.html]
[blocksdapps.firebaseapp.com/assets/images/backgroup-secsion/img_bg_page_title.html]
[blocksdapps.firebaseapp.com/assets/images/backgroup-secsion/img_bg_page_title_inner.html]
[blocksdapps.firebaseapp.com/assets/images/backgroup-secsion/img_bg_page_title_dark.html]
[blocksdapps.firebaseapp.com/assets/images/item-background/bg-authors.html]
[blocksdapps.firebaseapp.com/assets/images/item-background/bg-authors2.html]
[blocksdapps.firebaseapp.com/assets/images/backgroup-secsion/bg-h7.html]
[blocksdapps.firebaseapp.com/assets/css/shortcodes.css]
[blocksdapps.firebaseapp.com/assets/css/responsive.css]
[blocksdapps.firebaseapp.com/assets/css/animate.css]
[blocksdapps.firebaseapp.com/assets/css/jquery.fancybox.min.css]
[blocksdapps.firebaseapp.com/assets/font/fa-brands-400.html]
[blocksdapps.firebaseapp.com/assets/font/fa-brands-400d41dd41dd41dd41d.html]
[blocksdapps.firebaseapp.com/assets/font/fa-brands-401.html]
[blocksdapps.firebaseapp.com/assets/font/fa-brands-402.html]
[blocksdapps.firebaseapp.com/assets/font/fa-brands-403.html]
[blocksdapps.firebaseapp.com/assets/font/fa-brands-404.html]
[blocksdapps.firebaseapp.com/assets/font/fa-duotone-900.html]
[blocksdapps.firebaseapp.com/assets/font/fa-duotone-900d41dd41dd41dd41d.html]
[blocksdapps.firebaseapp.com/assets/font/fa-duotone-901.html]
[blocksdapps.firebaseapp.com/assets/font/fa-duotone-902.html]
[blocksdapps.firebaseapp.com/assets/font/fa-duotone-903.html]
[blocksdapps.firebaseapp.com/assets/font/fa-duotone-904.html]
[blocksdapps.firebaseapp.com/assets/font/fa-light-300d41dd41dd41dd41d.html]
[blocksdapps.firebaseapp.com/assets/font/fa-light-300.html]
[blocksdapps.firebaseapp.com/assets/font/fa-light-301.html]
[blocksdapps.firebaseapp.com/assets/font/fa-light-302.html]
[blocksdapps.firebaseapp.com/assets/font/fa-light-303.html]
[blocksdapps.firebaseapp.com/assets/font/fa-regular-400.html]
[blocksdapps.firebaseapp.com/assets/font/fa-regular-400d41dd41dd41dd41d.html]
[blocksdapps.firebaseapp.com/assets/font/fa-regular-401.html]
[blocksdapps.firebaseapp.com/assets/font/fa-regular-402.html]
[blocksdapps.firebaseapp.com/assets/font/fa-regular-403.html]
[blocksdapps.firebaseapp.com/assets/font/fa-regular-404.html]
[blocksdapps.firebaseapp.com/assets/font/fa-solid-900.html]
[blocksdapps.firebaseapp.com/assets/font/fa-solid-900d41dd41dd41dd41d.html]
[blocksdapps.firebaseapp.com/assets/font/fa-solid-901.html]
[blocksdapps.firebaseapp.com/assets/font/fa-solid-902.html]
[blocksdapps.firebaseapp.com/assets/font/fa-solid-903.html]
[blocksdapps.firebaseapp.com/assets/font/fa-solid-904.html]
[blocksdapps.firebaseapp.com/assets/css/font-awesome.css]
[blocksdapps.firebaseapp.com/assets/css/swiper-bundle.min.css]
[blocksdapps.firebaseapp.com/assets/css/bootstrap.css]
[blocksdapps.firebaseapp.com/assets/images/icon/sun.html]
[blocksdapps.firebaseapp.com/assets/images/icon/moon-2.html]
[blocksdapps.firebaseapp.com/index-2.html]
[blocksdapps.firebaseapp.com/assets/font/nfts.html]
[blocksdapps.firebaseapp.com/assets/font/nfts-2.html]
[blocksdapps.firebaseapp.com/assets/font/nfts-3.html]
[blocksdapps.firebaseapp.com/assets/icon/preload.html]
[blocksdapps.firebaseapp.com/assets/images/backgroup-secsion/img_bg_page_title.html]
[blocksdapps.firebaseapp.com/assets/images/backgroup-secsion/img_bg_page_title_inner.html]
[blocksdapps.firebaseapp.com/assets/images/backgroup-secsion/img_bg_page_title_dark.html]
[blocksdapps.firebaseapp.com/assets/images/item-background/bg-authors.html]
[blocksdapps.firebaseapp.com/assets/images/item-background/bg-authors2.html]
[blocksdapps.firebaseapp.com/assets/images/backgroup-secsion/bg-h7.html]
[blocksdapps.firebaseapp.com/assets/font/fa-brands-400.html]
[blocksdapps.firebaseapp.com/assets/font/fa-brands-400d41dd41dd41dd41d.html]
[blocksdapps.firebaseapp.com/assets/font/fa-brands-401.html]
[blocksdapps.firebaseapp.com/assets/font/fa-brands-402.html]
[blocksdapps.firebaseapp.com/assets/font/fa-brands-403.html]
[blocksdapps.firebaseapp.com/assets/font/fa-brands-404.html]
[blocksdapps.firebaseapp.com/assets/font/fa-duotone-900.html]
[blocksdapps.firebaseapp.com/assets/font/fa-duotone-900d41dd41dd41dd41d.html]
[blocksdapps.firebaseapp.com/assets/font/fa-duotone-901.html]
[blocksdapps.firebaseapp.com/assets/font/fa-duotone-902.html]
[blocksdapps.firebaseapp.com/assets/font/fa-duotone-903.html]
[blocksdapps.firebaseapp.com/assets/font/fa-duotone-904.html]
[blocksdapps.firebaseapp.com/assets/font/fa-light-300d41dd41dd41dd41d.html]
[blocksdapps.firebaseapp.com/assets/font/fa-light-300.html]
[blocksdapps.firebaseapp.com/assets/font/fa-light-301.html]
[blocksdapps.firebaseapp.com/assets/font/fa-light-302.html]
[blocksdapps.firebaseapp.com/assets/font/fa-light-303.html]
[blocksdapps.firebaseapp.com/assets/font/fa-regular-400.html]
[blocksdapps.firebaseapp.com/assets/font/fa-regular-400d41dd41dd41dd41d.html]
[blocksdapps.firebaseapp.com/assets/font/fa-regular-401.html]
[blocksdapps.firebaseapp.com/assets/font/fa-regular-402.html]
[blocksdapps.firebaseapp.com/assets/font/fa-regular-403.html]
[blocksdapps.firebaseapp.com/assets/font/fa-regular-404.html]
[blocksdapps.firebaseapp.com/assets/font/fa-solid-900.html]
[blocksdapps.firebaseapp.com/assets/font/fa-solid-900d41dd41dd41dd41d.html]
[blocksdapps.firebaseapp.com/assets/font/fa-solid-901.html]
[blocksdapps.firebaseapp.com/assets/font/fa-solid-902.html]
[blocksdapps.firebaseapp.com/assets/font/fa-solid-903.html]
[blocksdapps.firebaseapp.com/assets/font/fa-solid-904.html]
